// Jest Snapshot v1, https://goo.gl/fbAQLP

exports[`submit.vue renders correctly 1`] = `
<div
  class="flex flex-col h-full w-full place-self-center overflow-y-auto pb-8"
>
  <submissionform />
  <!--v-if-->
</div>
`;
